// Jest Snapshot v1, https://goo.gl/fbAQLP

exports[`Given connected and no metadata, when rendering, then show account, no connect button, no node info, tokenization 1`] = `null`;

exports[`Given connected, when rendering, then show account, no connect button and tokenization 1`] = `null`;

exports[`Given connecting, when rendering, then show account, no button, no node info 1`] = `null`;

exports[`Given connection error, when rendering, then show account, no button, no node info 1`] = `null`;

exports[`Given disconnected, when rendering, then show disconnected and connect button 1`] = `null`;

exports[`Given no injected account, when rendering, then nothing displayed 1`] = `null`;
