// Jest Snapshot v1, https://goo.gl/fbAQLP

exports[`renders with no requests 1`] = `
<Table
  colorTheme={
    Object {
      "accounts": Object {
        "background": "#0c163d",
        "foreground": "#ffffff",
        "hintColor": "#ffffff99",
        "iconBackground": "#3b6cf4",
        "legalOfficerIcon": Object {
          "category": "legal-officer",
          "id": "account-shield",
        },
      },
      "bottomMenuItems": Object {
        "iconGradient": Object {
          "from": "#7a90cb",
          "to": "#3b6cf4",
        },
      },
      "buttons": Object {
        "secondary": Object {
          "background": "#0c163d",
          "foreground": "#ffffff",
        },
      },
      "dashboard": Object {
        "background": "#0c163d",
        "foreground": "#ffffff",
      },
      "dialog": Object {
        "background": "#0c163d",
        "borderColor": "#e6007a",
        "foreground": "#ffffff",
      },
      "frame": Object {
        "background": "#152665",
        "foreground": "#ffffff",
        "link": "#ffffff",
      },
      "recoveryItems": Object {
        "iconGradient": Object {
          "from": "#e95b5b",
          "to": "#6050dc",
        },
      },
      "select": Object {
        "background": "#ffffff33",
        "foreground": "#ffffff",
        "menuBackgroundColor": "#152665",
        "selectedOptionBackgroundColor": "#ffffff33",
      },
      "shadowColor": "#3b6cf433",
      "sidebar": Object {
        "activeItemBackground": "#ffffff33",
        "background": "#152665",
        "foreground": "#ffffff",
      },
      "table": Object {
        "background": "#152665",
        "foreground": "#ffffff",
        "header": Object {
          "background": "#152665",
          "foreground": "#ffffff",
        },
        "row": Object {
          "background": "#0c163d",
          "foreground": "#ffffff",
        },
      },
      "tabs": Object {
        "background": "#152665",
        "borderColor": "#3b6cf4",
        "foreground": "#ffffff",
        "inactiveTab": Object {
          "background": "#ffffff33",
          "foreground": "#ffffff",
        },
      },
      "topMenuItems": Object {
        "iconGradient": Object {
          "from": "#3b6cf4",
          "to": "#6050dc",
        },
      },
      "type": "dark",
    }
  }
  columns={
    Array [
      Object {
        "header": "Name",
        "render": [Function],
        "width": "150px",
      },
      Object {
        "header": "Description",
        "render": [Function],
      },
      Object {
        "header": "Balance",
        "render": [Function],
        "width": "200px",
      },
      Object {
        "header": "Legal officer",
        "render": [Function],
        "width": "150px",
      },
    ]
  }
  data={Array []}
  renderEmpty={[Function]}
/>
`;
