// Jest Snapshot v1, https://goo.gl/fbAQLP

exports[`renders 1`] = `
<Routes>
  <Route
    element={<TrustProtection />}
    path="/protection"
  />
  <Route
    element={
      <Settings
        showContactInformation={false}
      />
    }
    path="/settings"
  />
  <Route
    element={<Recovery />}
    path="/recovery"
  />
  <Route
    element={
      <Wallet
        address="5H4MvAsobfZ6bBCDyj5dsrWYLrA8HrRzaqa9p61UXtxMhSCY"
        balances={Array []}
        settingsPath="/user/settings"
        transactions={Array []}
        transactionsPath={[Function]}
      />
    }
    path="/wallet"
  />
  <Route
    element={
      <Transactions
        address="5H4MvAsobfZ6bBCDyj5dsrWYLrA8HrRzaqa9p61UXtxMhSCY"
        backPath="/user/wallet"
        balances={Array []}
        transactions={Array []}
        type="Wallet"
      />
    }
    path="/wallet/:coinId"
  />
  <Route
    element={
      <Vault
        address="5H4MvAsobfZ6bBCDyj5dsrWYLrA8HrRzaqa9p61UXtxMhSCY"
        balances={null}
        settingsPath="/user/settings"
        transactions={null}
        transactionsPath={[Function]}
      />
    }
    path="/vault"
  />
  <Route
    element={
      <Transactions
        address=""
        backPath="/user/vault"
        balances={null}
        transactions={null}
        type="Vault"
      />
    }
    path="/vault/:coinId"
  />
  <Route
    element={
      <TransactionProtection
        actions={
          <LocCreation
            locType="Transaction"
            requestButtonLabel="Request a Transaction Protection"
          />
        }
        iconId="loc"
        locType="Transaction"
        titles={
          Object {
            "loc": "Transaction Protection Case(s)",
            "main": "Transaction Case Management",
            "request": "Transaction Protection Case Request(s)",
          }
        }
      />
    }
    path="/loc/transaction"
  />
  <Route
    element={
      <TransactionProtection
        actions={
          <LocCreation
            locType="Collection"
            requestButtonLabel="Request a Collection Protection"
          />
        }
        iconId="collection"
        locType="Collection"
        titles={
          Object {
            "loc": "Collection Protection Case(s)",
            "main": "Collection Protection Management",
            "request": "Collection Protection Request(s)",
          }
        }
      />
    }
    path="/loc/collection"
  />
  <Route
    element={
      <TransactionProtection
        actions={
          <Button
            onClick={[Function]}
          >
            Request an Identity Case
          </Button>
        }
        iconId="identity"
        locType="Identity"
        titles={
          Object {
            "loc": "Identity Case(s)",
            "main": "Identity Case Management",
            "request": "Identity Case Request(s)",
          }
        }
      />
    }
    path="/loc/identity"
  />
  <Route
    element={
      <UserLocDetails
        backPath="/user/loc/transaction"
        contributionMode="Requester"
        detailsPath={[Function]}
      />
    }
    path="/loc/transaction/:locId"
  />
  <Route
    element={
      <UserLocDetails
        backPath="/user/loc/collection"
        contributionMode="Requester"
        detailsPath={[Function]}
      />
    }
    path="/loc/collection/:locId"
  />
  <Route
    element={
      <DashboardCertiticateRouter
        detailsPath={[Function]}
        locType="Collection"
        viewer="User"
      />
    }
    path="/loc/collection/:locId/certificate/:itemId"
  />
  <Route
    element={
      <UserLocDetails
        backPath="/user/loc/identity"
        contributionMode="Requester"
        detailsPath={[Function]}
      />
    }
    path="/loc/identity/:locId"
  />
  <Route
    element={<Account />}
    path="/"
  />
  <Route
    element={
      <IdentityLocRequest
        backPath="/user/loc/identity"
      />
    }
    path="/loc/identity-request"
  />
  <Route
    element={<VTPDashboard />}
    path="/vtp"
  />
  <Route
    element={
      <UserLocDetails
        backPath="/user/vtp"
        contributionMode="VTP"
        detailsPath={[Function]}
      />
    }
    path="/vtp/:locId"
  />
  <Route
    element={
      <IdenfyVerificationResult
        detailsPath={[Function]}
      />
    }
    path="/idenfy"
  />
  <Route
    element={<UserDocumentClaimHistory />}
    path="/loc/:locType/:locId/claims/:hash"
  />
  <Route
    element={
      <UserTokensRecordPane
        contributionMode="Requester"
      />
    }
    path="/loc/:locType/:locId/records"
  />
  <Route
    element={
      <UserTokensRecordPane
        contributionMode="VTP"
      />
    }
    path="/vtp/:locId/records"
  />
  <Route
    element={
      <UserTokensRecordDocumentClaimHistory
        contributionMode="Requester"
      />
    }
    path="/loc/:locType/:locId/records/:recordId/claims/:hash"
  />
  <Route
    element={
      <UserTokensRecordDocumentClaimHistory
        contributionMode="VTP"
      />
    }
    path="/vtp/:locId/records/:recordId/claims/:hash"
  />
</Routes>
`;
