// Jest Snapshot v1, https://goo.gl/fbAQLP

exports[`renders 1`] = `
<Routes>
  <Route
    element={<TrustProtection />}
    path="/protection"
  />
  <Route
    element={
      <Settings
        showContactInformation={false}
      />
    }
    path="/settings"
  />
  <Route
    element={<Recovery />}
    path="/recovery"
  />
  <Route
    element={
      <Wallet
        address="5H4MvAsobfZ6bBCDyj5dsrWYLrA8HrRzaqa9p61UXtxMhSCY"
        settingsPath="/user/settings"
        transactionsPath={[Function]}
      />
    }
    path="/wallet"
  />
  <Route
    element={
      <Transactions
        address="5H4MvAsobfZ6bBCDyj5dsrWYLrA8HrRzaqa9p61UXtxMhSCY"
        backPath="/user/wallet"
        type="Wallet"
      />
    }
    path="/wallet/:coinId"
  />
  <Route
    element={
      <Vault
        address="5H4MvAsobfZ6bBCDyj5dsrWYLrA8HrRzaqa9p61UXtxMhSCY"
        balances={null}
        settingsPath="/user/settings"
        transactions={null}
        transactionsPath={[Function]}
      />
    }
    path="/vault"
  />
  <Route
    element={
      <Transactions
        address=""
        backPath="/user/vault"
        balances={null}
        transactions={null}
        type="Vault"
      />
    }
    path="/vault/:coinId"
  />
  <Route
    element={
      <TransactionProtection
        iconId="loc"
        locType="Transaction"
        requestButtonLabel="Request a Transaction Protection"
        titles={
          Object {
            "loc": "Transaction Protection Case(s)",
            "main": "Transaction Case Management",
            "request": "Transaction Protection Case Request(s)",
          }
        }
      />
    }
    path="/loc/transaction"
  />
  <Route
    element={
      <TransactionProtection
        iconId="collection"
        locType="Collection"
        requestButtonLabel="Request a Collection Protection"
        titles={
          Object {
            "loc": "Collection Protection Case(s)",
            "main": "Collection Protection Management",
            "request": "Collection Protection Request(s)",
          }
        }
      />
    }
    path="/loc/collection"
  />
  <Route
    element={
      <LocDetails
        backPath="/user/loc/transaction"
        detailsPath={[Function]}
        viewer="User"
      />
    }
    path="/loc/transaction/:locId"
  />
  <Route
    element={
      <LocDetails
        backPath="/user/loc/collection"
        detailsPath={[Function]}
        viewer="User"
      />
    }
    path="/loc/collection/:locId"
  />
  <Route
    element={<Account />}
    path="/"
  />
</Routes>
`;
