// Jest Snapshot v1, https://goo.gl/fbAQLP

exports[`PendingLocRequests renders null with no data 1`] = `
<Spinner
  animation="border"
/>
`;

exports[`PendingLocRequests renders pending requests 1`] = `
<React.Fragment>
  <Table
    columns={
      Array [
        Object {
          "align": "left",
          "header": "Requester",
          "render": [Function],
          "renderDetails": [Function],
        },
        Object {
          "align": "left",
          "header": "Description",
          "render": [Function],
        },
        Object {
          "header": "Status",
          "render": [Function],
          "width": "140px",
        },
        Object {
          "align": "center",
          "header": "Creation Date",
          "render": [Function],
          "width": "200px",
        },
        Object {
          "header": "",
          "render": [Function],
          "width": "150px",
        },
      ]
    }
    data={
      Array [
        Object {
          "id": UUID {
            "bytes": Uint8Array [
              85,
              111,
              65,
              40,
              79,
              195,
              79,
              220,
              165,
              67,
              116,
              230,
              35,
              9,
              17,
              196,
            ],
          },
          "ownerAddress": "5GrwvaEF5zXb26Fz9rcQpDWS57CtERHpNehXCPcNoHGKutQY",
          "requesterAddress": Object {
            "address": "5Ew3MyB15VprZrjQVkpQFj8okmc9xLDSEdNhqMMS5cXsqxoW",
            "equals": [Function],
            "toKey": [Function],
            "type": "Polkadot",
          },
          "status": "REVIEW_PENDING",
        },
      ]
    }
    renderEmpty={[Function]}
  />
</React.Fragment>
`;
