// Jest Snapshot v1, https://goo.gl/fbAQLP

exports[`renders 1`] = `
<React.Fragment>
  <Col
    style={
      Object {
        "flexGrow": 1,
      }
    }
  >
    <Detail
      label="Address"
      value="5Ew3MyB15VprZrjQVkpQFj8okmc9xLDSEdNhqMMS5cXsqxoW"
    />
  </Col>
  <Col
    style={
      Object {
        "flexGrow": 1,
      }
    }
  >
    <Detail
      label="E-mail"
      value=""
    />
  </Col>
  <Col
    style={
      Object {
        "flexGrow": 1,
      }
    }
  >
    <Detail
      label="Phone number"
      value=""
    />
  </Col>
</React.Fragment>
`;
