// Jest Snapshot v1, https://goo.gl/fbAQLP

exports[`renders 1`] = `
<Dashboard
  colors={
    Object {
      "accounts": Object {
        "background": "#141b2d",
        "foreground": "#ffffff",
        "hintColor": "#ffffff66",
        "iconBackground": "#3b6cf4",
        "legalOfficerIcon": Object {
          "category": "legal-officer",
          "id": "account-shield",
        },
      },
      "bottomMenu": Object {
        "iconGradient": Object {
          "from": "#7a90cb",
          "to": "#3b6cf4",
        },
      },
      "dashboard": Object {
        "background": "#141b2d",
        "foreground": "#ffffff",
      },
      "frame": Object {
        "background": "#1f2a40",
        "foreground": "#ffffff",
      },
      "menuArea": Object {
        "background": "#3b6cf40f",
        "foreground": "#ffffff",
      },
      "primaryArea": Object {
        "background": "#141b2d",
        "foreground": "#ffffff",
        "link": "#ffffff",
      },
      "secondaryArea": Object {
        "background": "#141b2d",
        "foreground": "#ffffff",
      },
      "shadowColor": "#3b6cf419",
      "topMenu": Object {
        "iconGradient": Object {
          "from": "#3b6cf4",
          "to": "#6050dc",
        },
      },
      "type": "dark",
    }
  }
  menuBottom={
    Array [
      Object {
        "exact": true,
        "icon": Object {
          "icon": Object {
            "category": "legal-officer",
            "id": "settings",
          },
        },
        "text": "Settings",
        "to": "/legal-officer/settings",
      },
    ]
  }
  menuTop={
    Array [
      Object {
        "exact": true,
        "icon": Object {
          "icon": Object {
            "category": "legal-officer",
            "id": "tokens",
          },
        },
        "text": "Tokens",
        "to": "/legal-officer/tokenization",
      },
    ]
  }
  selectAddress={[MockFunction]}
  shieldItem={
    Object {
      "exact": true,
      "icon": Object {
        "height": "auto",
        "icon": Object {
          "category": "legal-officer",
          "id": "shield",
        },
        "width": "auto",
      },
      "text": "Protection Requests",
      "to": "/legal-officer/protection",
    }
  }
>
  <LegalOfficerRouter />
</Dashboard>
`;
