// Jest Snapshot v1, https://goo.gl/fbAQLP

exports[`renders 1`] = `
<Routes>
  <Route
    element={<ProtectionRequests />}
    path="/protection"
  />
  <Route
    element={<RecoveryRequests />}
    path="/recovery"
  />
  <Route
    element={<RecoveryDetails />}
    path="/recovery-details/:requestId"
  />
  <Route
    element={<Settings />}
    path="/settings"
  />
  <Route
    element={
      <Wallet
        transactionsPath={[Function]}
      />
    }
    path="/wallet"
  />
  <Route
    element={
      <Transactions
        backPath="/legal-officer/wallet"
      />
    }
    path="/transactions/:coinId"
  />
  <Route
    element={<TransactionProtection />}
    path="/loc"
  />
  <Route
    element={<LocDetails />}
    path="/loc-details/:locId"
  />
  <Route
    element={<IdentityProtection />}
    path="/identities"
  />
  <Route
    element={<Account />}
    path=""
  />
</Routes>
`;
