// Jest Snapshot v1, https://goo.gl/fbAQLP

exports[`renders 1`] = `
<LegalOfficerContextProvider
  legalOfficerAddress="5GrwvaEF5zXb26Fz9rcQpDWS57CtERHpNehXCPcNoHGKutQY"
>
  <Shell
    backgroundCss="linear-gradient(to right, #a158ff, 90%, #203acf)"
  >
    <Menu />
    <LegalOfficerRouter />
  </Shell>
</LegalOfficerContextProvider>
`;
