// Jest Snapshot v1, https://goo.gl/fbAQLP

exports[`renders 1`] = `
<React.Fragment>
  <Switch>
    <Route
      path="/legal-officer/tokenization"
    >
      <TokenizationRequests />
    </Route>
    <Route
      path="/legal-officer/protection"
    >
      <ProtectionRequests />
    </Route>
    <Route
      path="/legal-officer/recovery"
    >
      <RecoveryRequests />
    </Route>
    <Route
      path="/legal-officer/recovery-details/:requestId"
    >
      <RecoveryDetails />
    </Route>
    <Route
      path="/legal-officer/settings"
    >
      <Settings />
    </Route>
    <Route
      path=""
    >
      <Redirect
        to="/legal-officer/tokenization"
      />
    </Route>
  </Switch>
</React.Fragment>
`;
