// Jest Snapshot v1, https://goo.gl/fbAQLP

exports[`Renders null with no data 1`] = `null`;

exports[`Renders pending requests 1`] = `
<React.Fragment>
  <h2>
    Pending
  </h2>
  <ForwardRef
    bordered={true}
    responsive={true}
    striped={true}
  >
    <thead>
      <tr>
        <th>
          Requester
        </th>
        <th>
          Firstname
        </th>
        <th>
          Lastname
        </th>
        <th>
          Created
        </th>
        <th>
          Action
        </th>
      </tr>
    </thead>
    <tbody>
      <tr>
        <td>
          5Ew3MyB15VprZrjQVkpQFj8okmc9xLDSEdNhqMMS5cXsqxoW
        </td>
        <td>
          John
        </td>
        <td>
          Doe
        </td>
        <td>
          2021-06-10T11:40:00.000
        </td>
        <td>
          <ButtonGroup
            aria-label="actions"
            role="group"
            toggle={false}
            vertical={false}
          >
            <Button
              active={false}
              data-testid="review-1"
              disabled={false}
              onClick={[Function]}
              variant="primary"
            >
              Review and proceed
            </Button>
          </ButtonGroup>
        </td>
      </tr>
    </tbody>
  </ForwardRef>
</React.Fragment>
`;
