// Jest Snapshot v1, https://goo.gl/fbAQLP

exports[`renders 1`] = `
<ContentPane
  addresses={
    Object {
      "addresses": Array [
        Object {
          "address": "5H4MvAsobfZ6bBCDyj5dsrWYLrA8HrRzaqa9p61UXtxMhSCY",
          "isLegalOfficer": false,
          "name": "name",
        },
      ],
      "currentAddress": Object {
        "address": "5H4MvAsobfZ6bBCDyj5dsrWYLrA8HrRzaqa9p61UXtxMhSCY",
        "isLegalOfficer": false,
        "name": "name",
      },
    }
  }
  colors={
    Object {
      "accounts": Object {
        "background": "eff3fe",
        "foreground": "#000000",
        "hintColor": "#00000099",
        "iconBackground": "#3b6cf4",
        "legalOfficerIcon": Object {
          "category": "legal-officer",
          "id": "account-shield",
        },
      },
      "bottomMenuItems": Object {
        "iconGradient": Object {
          "from": "#7a90cb",
          "to": "#3b6cf4",
        },
      },
      "buttons": Object {
        "secondaryBackgroundColor": "#eff3fe",
      },
      "dashboard": Object {
        "background": "#eff3fe",
        "foreground": "#000000",
      },
      "frame": Object {
        "background": "#ffffff",
        "foreground": "#000000",
        "link": "#3b6cf426",
      },
      "select": Object {
        "background": "#d8e2fd",
        "foreground": "#000000",
        "menuBackgroundColor": "#d8e2fd",
        "selectedOptionBackgroundColor": "#ffffff33",
      },
      "shadowColor": "#3b6cf41a",
      "sidebar": Object {
        "activeItemBackground": "#d8e2fd",
        "background": "#ffffff",
        "foreground": "#000000",
      },
      "topMenuItems": Object {
        "iconGradient": Object {
          "from": "#3b6cf4",
          "to": "#6050dc",
        },
      },
      "type": "light",
    }
  }
  mainTitle="Protection requests"
  primaryAreaChildren={
    <React.Fragment>
      <Frame
        colors={
          Object {
            "accounts": Object {
              "background": "eff3fe",
              "foreground": "#000000",
              "hintColor": "#00000099",
              "iconBackground": "#3b6cf4",
              "legalOfficerIcon": Object {
                "category": "legal-officer",
                "id": "account-shield",
              },
            },
            "bottomMenuItems": Object {
              "iconGradient": Object {
                "from": "#7a90cb",
                "to": "#3b6cf4",
              },
            },
            "buttons": Object {
              "secondaryBackgroundColor": "#eff3fe",
            },
            "dashboard": Object {
              "background": "#eff3fe",
              "foreground": "#000000",
            },
            "frame": Object {
              "background": "#ffffff",
              "foreground": "#000000",
              "link": "#3b6cf426",
            },
            "select": Object {
              "background": "#d8e2fd",
              "foreground": "#000000",
              "menuBackgroundColor": "#d8e2fd",
              "selectedOptionBackgroundColor": "#ffffff33",
            },
            "shadowColor": "#3b6cf41a",
            "sidebar": Object {
              "activeItemBackground": "#d8e2fd",
              "background": "#ffffff",
              "foreground": "#000000",
            },
            "topMenuItems": Object {
              "iconGradient": Object {
                "from": "#3b6cf4",
                "to": "#6050dc",
              },
            },
            "type": "light",
          }
        }
      >
        <RefreshTokenizationRequestsButton />
        <PendingProtectionRequests
          recovery={false}
        />
      </Frame>
      <h1>
        Activated User Account Protection under my watch
      </h1>
      <Frame
        colors={
          Object {
            "accounts": Object {
              "background": "eff3fe",
              "foreground": "#000000",
              "hintColor": "#00000099",
              "iconBackground": "#3b6cf4",
              "legalOfficerIcon": Object {
                "category": "legal-officer",
                "id": "account-shield",
              },
            },
            "bottomMenuItems": Object {
              "iconGradient": Object {
                "from": "#7a90cb",
                "to": "#3b6cf4",
              },
            },
            "buttons": Object {
              "secondaryBackgroundColor": "#eff3fe",
            },
            "dashboard": Object {
              "background": "#eff3fe",
              "foreground": "#000000",
            },
            "frame": Object {
              "background": "#ffffff",
              "foreground": "#000000",
              "link": "#3b6cf426",
            },
            "select": Object {
              "background": "#d8e2fd",
              "foreground": "#000000",
              "menuBackgroundColor": "#d8e2fd",
              "selectedOptionBackgroundColor": "#ffffff33",
            },
            "shadowColor": "#3b6cf41a",
            "sidebar": Object {
              "activeItemBackground": "#d8e2fd",
              "background": "#ffffff",
              "foreground": "#000000",
            },
            "topMenuItems": Object {
              "iconGradient": Object {
                "from": "#3b6cf4",
                "to": "#6050dc",
              },
            },
            "type": "light",
          }
        }
      >
        <ProtectedUsers />
      </Frame>
    </React.Fragment>
  }
  secondaryAreaChildren={
    <Frame
      colors={
        Object {
          "accounts": Object {
            "background": "eff3fe",
            "foreground": "#000000",
            "hintColor": "#00000099",
            "iconBackground": "#3b6cf4",
            "legalOfficerIcon": Object {
              "category": "legal-officer",
              "id": "account-shield",
            },
          },
          "bottomMenuItems": Object {
            "iconGradient": Object {
              "from": "#7a90cb",
              "to": "#3b6cf4",
            },
          },
          "buttons": Object {
            "secondaryBackgroundColor": "#eff3fe",
          },
          "dashboard": Object {
            "background": "#eff3fe",
            "foreground": "#000000",
          },
          "frame": Object {
            "background": "#ffffff",
            "foreground": "#000000",
            "link": "#3b6cf426",
          },
          "select": Object {
            "background": "#d8e2fd",
            "foreground": "#000000",
            "menuBackgroundColor": "#d8e2fd",
            "selectedOptionBackgroundColor": "#ffffff33",
          },
          "shadowColor": "#3b6cf41a",
          "sidebar": Object {
            "activeItemBackground": "#d8e2fd",
            "background": "#ffffff",
            "foreground": "#000000",
          },
          "topMenuItems": Object {
            "iconGradient": Object {
              "from": "#3b6cf4",
              "to": "#6050dc",
            },
          },
          "type": "light",
        }
      }
    >
      <ProtectionRequestsHistory
        recovery={false}
      />
    </Frame>
  }
  selectAddress={[MockFunction]}
/>
`;
