// Jest Snapshot v1, https://goo.gl/fbAQLP

exports[`Renders null with no data 1`] = `null`;

exports[`Renders requests history 1`] = `
<React.Fragment>
  <Table
    colorTheme={
      Object {
        "accounts": Object {
          "background": "eff3fe",
          "foreground": "#000000",
          "hintColor": "#00000099",
          "iconBackground": "#3b6cf4",
          "legalOfficerIcon": Object {
            "category": "legal-officer",
            "id": "account-shield",
          },
        },
        "bottomMenuItems": Object {
          "iconGradient": Object {
            "from": "#7a90cb",
            "to": "#3b6cf4",
          },
        },
        "buttons": Object {
          "secondaryBackgroundColor": "#eff3fe",
        },
        "dashboard": Object {
          "background": "#eff3fe",
          "foreground": "#000000",
        },
        "frame": Object {
          "background": "#ffffff",
          "foreground": "#000000",
          "link": "#3b6cf426",
        },
        "select": Object {
          "background": "#ffffff",
          "foreground": "#000000",
          "menuBackgroundColor": "#ffffff",
          "selectedOptionBackgroundColor": "#ffffff",
        },
        "shadowColor": "#3b6cf41a",
        "sidebar": Object {
          "activeItemBackground": "#d8e2fd",
          "background": "#ffffff",
          "foreground": "#000000",
        },
        "table": Object {
          "background": "#0c163d",
          "foreground": "#ffffff",
          "header": Object {
            "background": "#0c163d",
            "foreground": "#ffffff",
          },
          "row": Object {
            "background": "#152665",
            "foreground": "#ffffff",
          },
        },
        "tabs": Object {
          "background": "#0c163d",
          "borderColor": "#3b6cf4",
          "foreground": "#ffffff",
          "inactiveTab": Object {
            "background": "#d8e2fd",
            "foreground": "#ffffff",
          },
        },
        "topMenuItems": Object {
          "iconGradient": Object {
            "from": "#3b6cf4",
            "to": "#6050dc",
          },
        },
        "type": "light",
      }
    }
    columns={
      Array [
        Object {
          "header": "First name",
          "render": [Function],
          "width": "200px",
        },
        Object {
          "header": "Last name",
          "render": [Function],
          "renderDetails": [Function],
          "width": "200px",
        },
        Object {
          "header": "Status",
          "render": [Function],
          "splitAfter": true,
          "width": "140px",
        },
        Object {
          "header": "Submission date",
          "render": [Function],
          "smallerText": true,
          "width": "120px",
        },
        Object {
          "header": "Account number",
          "render": [Function],
        },
        Object {
          "header": "Account to recover",
          "render": [Function],
        },
      ]
    }
    data={
      Array [
        Object {
          "addressToRecover": null,
          "createdOn": "2021-06-10T11:40:00.000",
          "decisions": Array [
            Object {
              "decisionOn": "2021-06-10T11:40:00.000",
              "legalOfficerAddress": "5GrwvaEF5zXb26Fz9rcQpDWS57CtERHpNehXCPcNoHGKutQY",
              "rejectReason": null,
              "status": "ACCEPTED",
            },
          ],
          "id": "1",
          "isRecovery": false,
          "requesterAddress": "5Ew3MyB15VprZrjQVkpQFj8okmc9xLDSEdNhqMMS5cXsqxoW",
          "status": "ACTIVATED",
          "userIdentity": Object {
            "email": "john.doe@logion.network",
            "firstName": "John",
            "lastName": "Doe",
            "phoneNumber": "+1234",
          },
          "userPostalAddress": Object {
            "city": "Liège",
            "country": "Belgium",
            "line1": "Place de le République Française, 10",
            "line2": "boite 15",
            "postalCode": "4000",
          },
        },
      ]
    }
    renderEmpty={[Function]}
  />
</React.Fragment>
`;
