// Jest Snapshot v1, https://goo.gl/fbAQLP

exports[`VotesTable renders 1`] = `
<div
  className="Table constrained-row-height"
>
  <style>
    
            .Table .body .Row .Col.split-after::before {
                background-color: #0c163d;
            }
            
  </style>
  <div
    className="header"
    style={
      Object {
        "backgroundColor": "#152665",
        "color": "#ffffff",
      }
    }
  >
    <div
      className="Row"
    >
      <div
        className="Col"
        style={
          Object {
            "textAlign": "center",
            "width": "calc(( 100% - 0px ) / 5)",
          }
        }
      >
        ID
      </div>
      <div
        className="Col"
        style={
          Object {
            "textAlign": "center",
            "width": "calc(( 100% - 0px ) / 5)",
          }
        }
      >
        Creation date
      </div>
      <div
        className="Col"
        style={
          Object {
            "textAlign": "center",
            "width": "calc(( 100% - 0px ) / 5)",
          }
        }
      >
        LOC
      </div>
      <div
        className="Col"
        style={
          Object {
            "textAlign": "center",
            "width": "calc(( 100% - 0px ) / 5)",
          }
        }
      >
        Description
      </div>
      <div
        className="Col"
        style={
          Object {
            "textAlign": "center",
            "width": "calc(( 100% - 0px ) / 5)",
          }
        }
      >
        Your Vote
      </div>
    </div>
  </div>
  <div
    className="body"
  >
    <div>
      <div
        className="Row "
        style={
          Object {
            "color": "#ffffff",
          }
        }
      >
        <div
          className="Col"
          style={
            Object {
              "backgroundColor": "#0c163d",
              "fontSize": undefined,
              "textAlign": "center",
              "width": "calc(( 100% - 0px ) / 5)",
            }
          }
        >
          <div
            className="regular-cell"
            style={Object {}}
          >
            1
          </div>
        </div>
        <div
          className="Col"
          style={
            Object {
              "backgroundColor": "#0c163d",
              "fontSize": undefined,
              "textAlign": "center",
              "width": "calc(( 100% - 0px ) / 5)",
            }
          }
        >
          <div
            className="regular-cell"
            style={
              Object {
                "textAlign": "center",
              }
            }
          >
            -
          </div>
        </div>
        <div
          className="Col"
          style={
            Object {
              "backgroundColor": "#0c163d",
              "fontSize": undefined,
              "textAlign": "center",
              "width": "calc(( 100% - 0px ) / 5)",
            }
          }
        >
          <div
            className="regular-cell overflowing"
            style={Object {}}
          >
            <div />
          </div>
        </div>
        <div
          className="Col"
          style={
            Object {
              "backgroundColor": "#0c163d",
              "fontSize": undefined,
              "textAlign": "center",
              "width": "calc(( 100% - 0px ) / 5)",
            }
          }
        >
          <div
            className="regular-cell overflowing"
            style={Object {}}
          >
            <span
              onBlur={[Function]}
              onFocus={[Function]}
              onMouseOut={[Function]}
              onMouseOver={[Function]}
            >
              Non-Collator Logion Guardian nomination vote
            </span>
          </div>
        </div>
        <div
          className="Col"
          style={
            Object {
              "backgroundColor": "#0c163d",
              "fontSize": undefined,
              "textAlign": "center",
              "width": "calc(( 100% - 0px ) / 5)",
            }
          }
        >
          <div
            className="ButtonGroup"
          >
            <div
              className="btn-group"
              role="group"
            >
              <button
                className="Button btn btn-none"
                disabled={false}
                onClick={[Function]}
                style={Object {}}
                type="button"
              >
                <img
                  alt="ok"
                  height="40px"
                  src="/assets/ok.svg"
                />
              </button>
              <button
                className="Button btn btn-none"
                disabled={false}
                onClick={[Function]}
                style={Object {}}
                type="button"
              >
                <img
                  alt="ko"
                  height="40px"
                  src="/assets/ko.svg"
                />
              </button>
            </div>
          </div>
        </div>
      </div>
    </div>
  </div>
</div>
`;
