// Jest Snapshot v1, https://goo.gl/fbAQLP

exports[`Renders null with no data 1`] = `
<div
  className="spinner-border"
/>
`;

exports[`Renders pending requests 1`] = `
<div
  className="Table"
>
  <style>
    
            .Table .body .Row .Col.split-after::before {
                background-color: #152665;
            }
            
  </style>
  <div
    className="header"
    style={
      Object {
        "backgroundColor": "#0c163d",
        "color": "#ffffff",
      }
    }
  >
    <div
      className="Row"
    >
      <div
        className="Col"
        style={
          Object {
            "textAlign": "left",
            "width": "calc(( 100% - 340px ) / 3)",
          }
        }
      >
        Legal officer
      </div>
      <div
        className="Col"
        style={
          Object {
            "textAlign": "left",
            "width": "calc(( 100% - 340px ) / 3)",
          }
        }
      >
        Description
      </div>
      <div
        className="Col"
        style={
          Object {
            "textAlign": "center",
            "width": "140px",
          }
        }
      >
        Status
      </div>
      <div
        className="Col"
        style={
          Object {
            "textAlign": "left",
            "width": "calc(( 100% - 340px ) / 3)",
          }
        }
      >
        Reason
      </div>
      <div
        className="Col"
        style={
          Object {
            "textAlign": "center",
            "width": "200px",
          }
        }
      >
        Creation date
      </div>
    </div>
  </div>
  <div
    className="body"
  >
    <div>
      <div
        className="Row "
        style={
          Object {
            "color": "#ffffff",
          }
        }
      >
        <div
          className="Col"
          style={
            Object {
              "backgroundColor": "#152665",
              "fontSize": undefined,
              "textAlign": "left",
              "width": "calc(( 100% - 340px ) / 3)",
            }
          }
        >
          <div
            className="regular-cell"
            style={Object {}}
          >
            Patrick Gielen
          </div>
        </div>
        <div
          className="Col"
          style={
            Object {
              "backgroundColor": "#152665",
              "fontSize": undefined,
              "textAlign": "left",
              "width": "calc(( 100% - 340px ) / 3)",
            }
          }
        >
          <div
            className="regular-cell overflowing"
            style={Object {}}
          >
            <span
              onBlur={[Function]}
              onFocus={[Function]}
              onMouseOut={[Function]}
              onMouseOver={[Function]}
            >
              LOC description
            </span>
          </div>
        </div>
        <div
          className="Col"
          style={
            Object {
              "backgroundColor": "#152665",
              "fontSize": undefined,
              "textAlign": "center",
              "width": "140px",
            }
          }
        >
          <span
            className="StatusCell"
            style={
              Object {
                "borderColor": "#ff9b3f",
              }
            }
          >
             
            <span
              style={
                Object {
                  "color": "#ff9b3f",
                  "textTransform": undefined,
                }
              }
            >
              Open
            </span>
          </span>
        </div>
        <div
          className="Col"
          style={
            Object {
              "backgroundColor": "#152665",
              "fontSize": undefined,
              "textAlign": "left",
              "width": "calc(( 100% - 340px ) / 3)",
            }
          }
        >
          <div
            className="regular-cell overflowing"
            style={Object {}}
          >
            <span
              onBlur={[Function]}
              onFocus={[Function]}
              onMouseOut={[Function]}
              onMouseOver={[Function]}
            />
          </div>
        </div>
        <div
          className="Col"
          style={
            Object {
              "backgroundColor": "#152665",
              "fontSize": undefined,
              "textAlign": "center",
              "width": "200px",
            }
          }
        >
          <div
            className="regular-cell"
            style={
              Object {
                "textAlign": "center",
              }
            }
          >
            -
          </div>
        </div>
      </div>
    </div>
  </div>
</div>
`;
