// Jest Snapshot v1, https://goo.gl/fbAQLP

exports[`renders 1`] = `
<div
  className="Table"
>
  <style>
    
            .Table .body .Row .Col.split-after::before {
                background-color: #0c163d;
            }
            
  </style>
  <div
    className="header"
    style={
      Object {
        "backgroundColor": "#152665",
        "color": "#ffffff",
      }
    }
  >
    <Row>
      <Col
        style={
          Object {
            "textAlign": "center",
            "width": "50%",
          }
        }
      >
        Column 1
      </Col>
      <Col
        style={
          Object {
            "textAlign": "center",
            "width": "100px",
          }
        }
      >
        Column 2
      </Col>
      <Col
        style={
          Object {
            "textAlign": "center",
            "width": "calc(( 50% - 100px ) / 1)",
          }
        }
      >
        Column 3
      </Col>
    </Row>
  </div>
  <div
    className="body"
  >
    <div>
      <Row
        className=""
        style={
          Object {
            "color": "#ffffff",
          }
        }
      >
        <Col
          style={
            Object {
              "backgroundColor": "#0c163d",
              "fontSize": undefined,
              "textAlign": "center",
              "width": "50%",
            }
          }
        >
          <Cell
            content="id1"
          />
        </Col>
        <Col
          style={
            Object {
              "backgroundColor": "#0c163d",
              "fontSize": undefined,
              "textAlign": "center",
              "width": "100px",
            }
          }
        >
          <Cell
            content="id1"
            smallText={true}
          />
        </Col>
        <Col
          style={
            Object {
              "backgroundColor": "#0c163d",
              "fontSize": undefined,
              "textAlign": "center",
              "width": "calc(( 50% - 100px ) / 1)",
            }
          }
        >
          <Cell
            content="id1"
          />
        </Col>
      </Row>
    </div>
    <div>
      <Row
        className=""
        style={
          Object {
            "color": "#ffffff",
          }
        }
      >
        <Col
          style={
            Object {
              "backgroundColor": "#0c163d",
              "fontSize": undefined,
              "textAlign": "center",
              "width": "50%",
            }
          }
        >
          <Cell
            content="id2"
          />
        </Col>
        <Col
          style={
            Object {
              "backgroundColor": "#0c163d",
              "fontSize": undefined,
              "textAlign": "center",
              "width": "100px",
            }
          }
        >
          <Cell
            content="id2"
            smallText={true}
          />
        </Col>
        <Col
          style={
            Object {
              "backgroundColor": "#0c163d",
              "fontSize": undefined,
              "textAlign": "center",
              "width": "calc(( 50% - 100px ) / 1)",
            }
          }
        >
          <Cell
            content="id2"
          />
        </Col>
      </Row>
    </div>
  </div>
</div>
`;
