// Jest Snapshot v1, https://goo.gl/fbAQLP

exports[`LocDetails renders 1`] = `
<LocContextProvider
  backPath="/"
  detailsPath={[Function]}
  locId={
    UUID {
      "bytes": Uint8Array [
        174,
        212,
        198,
        228,
        151,
        158,
        72,
        173,
        190,
        110,
        75,
        211,
        159,
        185,
        71,
        98,
      ],
    }
  }
>
  <ContextualizedLocDetails />
</LocContextProvider>
`;
