// Jest Snapshot v1, https://goo.gl/fbAQLP

exports[`LocLinkButton renders 1`] = `
<React.Fragment>
  <Button
    onClick={[Function]}
  >
    <Icon
      height="19px"
      icon={
        Object {
          "id": "add",
        }
      }
    />
    <span
      className="text"
    >
      Link to an existing LOC
    </span>
  </Button>
  <LocLinkExistingDialog
    exit={[Function]}
    show={false}
  />
</React.Fragment>
`;
