// Jest Snapshot v1, https://goo.gl/fbAQLP

exports[`LocPublishLinkButton renders 1`] = `
<LocPublishButton
  feesEstimator={[Function]}
  itemType="Link"
  locItem={
    LinkItem {
      "_data": Object {
        "linkDetailsPath": "",
        "linkedLoc": Object {
          "id": UUID {
            "bytes": Uint8Array [
              148,
              206,
              192,
              109,
              220,
              164,
              74,
              98,
              131,
              244,
              168,
              44,
              84,
              37,
              217,
              78,
            ],
          },
        },
        "nature": HashString {
          "hash": Hash {
            "_bytes": Uint8Array [
              215,
              10,
              41,
              72,
              143,
              3,
              11,
              86,
              54,
              247,
              232,
              172,
              55,
              210,
              172,
              140,
              185,
              16,
              160,
              79,
              218,
              244,
              227,
              226,
              182,
              96,
              184,
              23,
              29,
              243,
              84,
              208,
            ],
          },
          "value": "link-nature",
        },
      },
      "commonData": Object {
        "newItem": false,
        "status": "DRAFT",
        "submitter": ValidAccountId {
          "anyAccountId": AnyAccountId {
            "address": "vQxHAE33LeJYV69GCB4o4YcCgnDu8y99u5hy2751fRdxjX9kz",
            "type": "Polkadot",
          },
        },
        "template": false,
        "timestamp": null,
        "type": "Linked LOC",
      },
    }
  }
  publishMutator={[Function]}
/>
`;
