// Jest Snapshot v1, https://goo.gl/fbAQLP

exports[`LocPublishPrivateFileButton renders 1`] = `
<LocPublishButton
  feesEstimator={[Function]}
  itemType="Document"
  locItem={
    Object {
      "name": "file-name",
      "nature": "file-nature",
      "newItem": false,
      "status": "DRAFT",
      "submitter": Object {
        "address": "file-submitter",
        "equals": [Function],
        "toKey": [Function],
        "type": "Polkadot",
      },
      "template": false,
      "timestamp": null,
      "type": "Document",
      "value": "file-value",
    }
  }
  publishMutator={[Function]}
/>
`;
