// Jest Snapshot v1, https://goo.gl/fbAQLP

exports[`LocPublishPublicData renders 1`] = `
<LocPublishButton
  itemType="Public Data"
  locItem={
    Object {
      "name": "data-name",
      "nature": "data-nature",
      "newItem": false,
      "status": "DRAFT",
      "submitter": "data-submitter",
      "timestamp": null,
      "type": "Data",
      "value": "data-value",
    }
  }
/>
`;
