// Jest Snapshot v1, https://goo.gl/fbAQLP

exports[`renders 1`] = `
<ContentPane
  mainTitle="My Logion Protection"
  primaryAreaChildren={
    <React.Fragment>
      <Frame
        className="CreateProtectionRequestFormLegalOfficers"
        disabled={false}
      >
        <h3>
          Choose your Legal Officers
        </h3>
        <LegalOfficers
          legalOfficer1={null}
          legalOfficer2={null}
          legalOfficers={
            Array [
              Object {
                "address": "5GrwvaEF5zXb26Fz9rcQpDWS57CtERHpNehXCPcNoHGKutQY",
                "details": "MODERO
Huissier de Justice Etterbeek
Rue Beckers 17
1040 Etterbeek
Belgique
Tel: +32 498 237 107",
                "email": "patrick@logion.network",
                "name": "Patrick Gielen",
              },
              Object {
                "address": "5FHneW46xGXgs5mUiveU4sbTyGBzmstUspZC92UhjJM694ty",
                "details": "SELARL ADRASTEE
Gare des Brotteaux
14, place Jules Ferry
69006 LYON
France
Tel: +33 4 78 52 87 56",
                "email": "g.grain@adrastee-lyon.fr",
                "name": "Guillaume Grain",
              },
              Object {
                "address": "5FLSigC9HGRKVhB9FiEo4Y3koPsNmBmLJbpXg2mp1hXcS59Y",
                "details": "AUXILIA CONSEILS 18
Huissiers de Justice associés
7 rue Jean Francois Champollion Parc Comitec
18000 Bourges
France
Tel: +33 2 48 67 50 50",
                "email": "alain.barland@auxilia-conseils.com",
                "name": "Alain Barland",
              },
            ]
          }
          mode="choose"
          setLegalOfficer1={[Function]}
          setLegalOfficer2={[Function]}
        />
      </Frame>
    </React.Fragment>
  }
  primaryPaneWidth={6}
  secondaryAreaChildren={
    <Frame
      className="CreateProtectionRequestFormOther"
      disabled={true}
    >
      <h3>
        Fill in your personal information
      </h3>
      <Alert
        variant="info"
      >
        This initial personal information sharing will start KYC process and will also be used in the context of a potential future recovery process.
      </Alert>
      <Form
        inline={false}
        onSubmit={[Function]}
      >
        <Row
          noGutters={false}
        >
          <Col
            md={6}
          >
            <FormGroup
              colors={
                Object {
                  "altBackground": "#eff3fe",
                  "background": "#ffffff",
                  "foreground": "#000000",
                  "link": "#3b6cf426",
                }
              }
              control={
                <Unknown
                  control={
                    Object {
                      "_defaultValues": Object {},
                      "_executeSchema": [Function],
                      "_fields": Object {},
                      "_formState": Object {
                        "dirtyFields": Object {},
                        "errors": Object {},
                        "isDirty": false,
                        "isSubmitSuccessful": false,
                        "isSubmitted": false,
                        "isSubmitting": false,
                        "isValid": false,
                        "isValidating": false,
                        "submitCount": 0,
                        "touchedFields": Object {},
                      },
                      "_formValues": Object {},
                      "_getDirty": [Function],
                      "_getFieldArray": [Function],
                      "_getWatch": [Function],
                      "_names": Object {
                        "array": Set {},
                        "mount": Set {},
                        "unMount": Set {},
                        "watch": Set {},
                      },
                      "_options": Object {
                        "mode": "onSubmit",
                        "reValidateMode": "onChange",
                        "shouldFocusError": true,
                      },
                      "_proxyFormState": Object {
                        "dirtyFields": false,
                        "errors": "all",
                        "isDirty": false,
                        "isValid": false,
                        "isValidating": false,
                        "touchedFields": false,
                      },
                      "_removeUnmounted": [Function],
                      "_stateFlags": Object {
                        "action": false,
                        "mount": false,
                        "watch": false,
                      },
                      "_subjects": Object {
                        "array": Object {
                          "next": [Function],
                          "observers": Array [],
                          "subscribe": [Function],
                          "unsubscribe": [Function],
                        },
                        "control": Object {
                          "next": [Function],
                          "observers": Array [],
                          "subscribe": [Function],
                          "unsubscribe": [Function],
                        },
                        "state": Object {
                          "next": [Function],
                          "observers": Array [
                            Object {
                              "next": [Function],
                            },
                          ],
                          "subscribe": [Function],
                          "unsubscribe": [Function],
                        },
                        "watch": Object {
                          "next": [Function],
                          "observers": Array [],
                          "subscribe": [Function],
                          "unsubscribe": [Function],
                        },
                      },
                      "_updateFieldArray": [Function],
                      "_updateValid": [Function],
                      "register": [Function],
                      "unregister": [Function],
                    }
                  }
                  defaultValue=""
                  name="firstName"
                  render={[Function]}
                  rules={
                    Object {
                      "required": "The first name is required",
                    }
                  }
                />
              }
              id="firstName"
              label="First Name"
            />
          </Col>
          <Col
            md={6}
          >
            <FormGroup
              colors={
                Object {
                  "altBackground": "#eff3fe",
                  "background": "#ffffff",
                  "foreground": "#000000",
                  "link": "#3b6cf426",
                }
              }
              control={
                <Unknown
                  control={
                    Object {
                      "_defaultValues": Object {},
                      "_executeSchema": [Function],
                      "_fields": Object {},
                      "_formState": Object {
                        "dirtyFields": Object {},
                        "errors": Object {},
                        "isDirty": false,
                        "isSubmitSuccessful": false,
                        "isSubmitted": false,
                        "isSubmitting": false,
                        "isValid": false,
                        "isValidating": false,
                        "submitCount": 0,
                        "touchedFields": Object {},
                      },
                      "_formValues": Object {},
                      "_getDirty": [Function],
                      "_getFieldArray": [Function],
                      "_getWatch": [Function],
                      "_names": Object {
                        "array": Set {},
                        "mount": Set {},
                        "unMount": Set {},
                        "watch": Set {},
                      },
                      "_options": Object {
                        "mode": "onSubmit",
                        "reValidateMode": "onChange",
                        "shouldFocusError": true,
                      },
                      "_proxyFormState": Object {
                        "dirtyFields": false,
                        "errors": "all",
                        "isDirty": false,
                        "isValid": false,
                        "isValidating": false,
                        "touchedFields": false,
                      },
                      "_removeUnmounted": [Function],
                      "_stateFlags": Object {
                        "action": false,
                        "mount": false,
                        "watch": false,
                      },
                      "_subjects": Object {
                        "array": Object {
                          "next": [Function],
                          "observers": Array [],
                          "subscribe": [Function],
                          "unsubscribe": [Function],
                        },
                        "control": Object {
                          "next": [Function],
                          "observers": Array [],
                          "subscribe": [Function],
                          "unsubscribe": [Function],
                        },
                        "state": Object {
                          "next": [Function],
                          "observers": Array [
                            Object {
                              "next": [Function],
                            },
                          ],
                          "subscribe": [Function],
                          "unsubscribe": [Function],
                        },
                        "watch": Object {
                          "next": [Function],
                          "observers": Array [],
                          "subscribe": [Function],
                          "unsubscribe": [Function],
                        },
                      },
                      "_updateFieldArray": [Function],
                      "_updateValid": [Function],
                      "register": [Function],
                      "unregister": [Function],
                    }
                  }
                  defaultValue=""
                  name="lastName"
                  render={[Function]}
                  rules={
                    Object {
                      "required": "The last name is required",
                    }
                  }
                />
              }
              id="lastName"
              label="Last Name"
            />
          </Col>
        </Row>
        <Row
          noGutters={false}
        >
          <Col
            md={6}
          >
            <FormGroup
              colors={
                Object {
                  "altBackground": "#eff3fe",
                  "background": "#ffffff",
                  "foreground": "#000000",
                  "link": "#3b6cf426",
                }
              }
              control={
                <Unknown
                  control={
                    Object {
                      "_defaultValues": Object {},
                      "_executeSchema": [Function],
                      "_fields": Object {},
                      "_formState": Object {
                        "dirtyFields": Object {},
                        "errors": Object {},
                        "isDirty": false,
                        "isSubmitSuccessful": false,
                        "isSubmitted": false,
                        "isSubmitting": false,
                        "isValid": false,
                        "isValidating": false,
                        "submitCount": 0,
                        "touchedFields": Object {},
                      },
                      "_formValues": Object {},
                      "_getDirty": [Function],
                      "_getFieldArray": [Function],
                      "_getWatch": [Function],
                      "_names": Object {
                        "array": Set {},
                        "mount": Set {},
                        "unMount": Set {},
                        "watch": Set {},
                      },
                      "_options": Object {
                        "mode": "onSubmit",
                        "reValidateMode": "onChange",
                        "shouldFocusError": true,
                      },
                      "_proxyFormState": Object {
                        "dirtyFields": false,
                        "errors": "all",
                        "isDirty": false,
                        "isValid": false,
                        "isValidating": false,
                        "touchedFields": false,
                      },
                      "_removeUnmounted": [Function],
                      "_stateFlags": Object {
                        "action": false,
                        "mount": false,
                        "watch": false,
                      },
                      "_subjects": Object {
                        "array": Object {
                          "next": [Function],
                          "observers": Array [],
                          "subscribe": [Function],
                          "unsubscribe": [Function],
                        },
                        "control": Object {
                          "next": [Function],
                          "observers": Array [],
                          "subscribe": [Function],
                          "unsubscribe": [Function],
                        },
                        "state": Object {
                          "next": [Function],
                          "observers": Array [
                            Object {
                              "next": [Function],
                            },
                          ],
                          "subscribe": [Function],
                          "unsubscribe": [Function],
                        },
                        "watch": Object {
                          "next": [Function],
                          "observers": Array [],
                          "subscribe": [Function],
                          "unsubscribe": [Function],
                        },
                      },
                      "_updateFieldArray": [Function],
                      "_updateValid": [Function],
                      "register": [Function],
                      "unregister": [Function],
                    }
                  }
                  defaultValue=""
                  name="email"
                  render={[Function]}
                  rules={
                    Object {
                      "required": "The email is required",
                    }
                  }
                />
              }
              id="email"
              label="Email"
            />
          </Col>
          <Col
            md={6}
          >
            <FormGroup
              colors={
                Object {
                  "altBackground": "#eff3fe",
                  "background": "#ffffff",
                  "foreground": "#000000",
                  "link": "#3b6cf426",
                }
              }
              control={
                <Unknown
                  control={
                    Object {
                      "_defaultValues": Object {},
                      "_executeSchema": [Function],
                      "_fields": Object {},
                      "_formState": Object {
                        "dirtyFields": Object {},
                        "errors": Object {},
                        "isDirty": false,
                        "isSubmitSuccessful": false,
                        "isSubmitted": false,
                        "isSubmitting": false,
                        "isValid": false,
                        "isValidating": false,
                        "submitCount": 0,
                        "touchedFields": Object {},
                      },
                      "_formValues": Object {},
                      "_getDirty": [Function],
                      "_getFieldArray": [Function],
                      "_getWatch": [Function],
                      "_names": Object {
                        "array": Set {},
                        "mount": Set {},
                        "unMount": Set {},
                        "watch": Set {},
                      },
                      "_options": Object {
                        "mode": "onSubmit",
                        "reValidateMode": "onChange",
                        "shouldFocusError": true,
                      },
                      "_proxyFormState": Object {
                        "dirtyFields": false,
                        "errors": "all",
                        "isDirty": false,
                        "isValid": false,
                        "isValidating": false,
                        "touchedFields": false,
                      },
                      "_removeUnmounted": [Function],
                      "_stateFlags": Object {
                        "action": false,
                        "mount": false,
                        "watch": false,
                      },
                      "_subjects": Object {
                        "array": Object {
                          "next": [Function],
                          "observers": Array [],
                          "subscribe": [Function],
                          "unsubscribe": [Function],
                        },
                        "control": Object {
                          "next": [Function],
                          "observers": Array [],
                          "subscribe": [Function],
                          "unsubscribe": [Function],
                        },
                        "state": Object {
                          "next": [Function],
                          "observers": Array [
                            Object {
                              "next": [Function],
                            },
                          ],
                          "subscribe": [Function],
                          "unsubscribe": [Function],
                        },
                        "watch": Object {
                          "next": [Function],
                          "observers": Array [],
                          "subscribe": [Function],
                          "unsubscribe": [Function],
                        },
                      },
                      "_updateFieldArray": [Function],
                      "_updateValid": [Function],
                      "register": [Function],
                      "unregister": [Function],
                    }
                  }
                  defaultValue=""
                  name="phoneNumber"
                  render={[Function]}
                  rules={
                    Object {
                      "required": "The phone number is required",
                    }
                  }
                />
              }
              id="phoneNumber"
              label="Phone Number"
            />
          </Col>
        </Row>
        <h3>
          Address
        </h3>
        <FormGroup
          colors={
            Object {
              "altBackground": "#eff3fe",
              "background": "#ffffff",
              "foreground": "#000000",
              "link": "#3b6cf426",
            }
          }
          control={
            <Unknown
              control={
                Object {
                  "_defaultValues": Object {},
                  "_executeSchema": [Function],
                  "_fields": Object {},
                  "_formState": Object {
                    "dirtyFields": Object {},
                    "errors": Object {},
                    "isDirty": false,
                    "isSubmitSuccessful": false,
                    "isSubmitted": false,
                    "isSubmitting": false,
                    "isValid": false,
                    "isValidating": false,
                    "submitCount": 0,
                    "touchedFields": Object {},
                  },
                  "_formValues": Object {},
                  "_getDirty": [Function],
                  "_getFieldArray": [Function],
                  "_getWatch": [Function],
                  "_names": Object {
                    "array": Set {},
                    "mount": Set {},
                    "unMount": Set {},
                    "watch": Set {},
                  },
                  "_options": Object {
                    "mode": "onSubmit",
                    "reValidateMode": "onChange",
                    "shouldFocusError": true,
                  },
                  "_proxyFormState": Object {
                    "dirtyFields": false,
                    "errors": "all",
                    "isDirty": false,
                    "isValid": false,
                    "isValidating": false,
                    "touchedFields": false,
                  },
                  "_removeUnmounted": [Function],
                  "_stateFlags": Object {
                    "action": false,
                    "mount": false,
                    "watch": false,
                  },
                  "_subjects": Object {
                    "array": Object {
                      "next": [Function],
                      "observers": Array [],
                      "subscribe": [Function],
                      "unsubscribe": [Function],
                    },
                    "control": Object {
                      "next": [Function],
                      "observers": Array [],
                      "subscribe": [Function],
                      "unsubscribe": [Function],
                    },
                    "state": Object {
                      "next": [Function],
                      "observers": Array [
                        Object {
                          "next": [Function],
                        },
                      ],
                      "subscribe": [Function],
                      "unsubscribe": [Function],
                    },
                    "watch": Object {
                      "next": [Function],
                      "observers": Array [],
                      "subscribe": [Function],
                      "unsubscribe": [Function],
                    },
                  },
                  "_updateFieldArray": [Function],
                  "_updateValid": [Function],
                  "register": [Function],
                  "unregister": [Function],
                }
              }
              defaultValue=""
              name="line1"
              render={[Function]}
              rules={
                Object {
                  "required": "The line1 is required",
                }
              }
            />
          }
          id="line1"
          label="Line1"
        />
        <FormGroup
          colors={
            Object {
              "altBackground": "#eff3fe",
              "background": "#ffffff",
              "foreground": "#000000",
              "link": "#3b6cf426",
            }
          }
          control={
            <Unknown
              control={
                Object {
                  "_defaultValues": Object {},
                  "_executeSchema": [Function],
                  "_fields": Object {},
                  "_formState": Object {
                    "dirtyFields": Object {},
                    "errors": Object {},
                    "isDirty": false,
                    "isSubmitSuccessful": false,
                    "isSubmitted": false,
                    "isSubmitting": false,
                    "isValid": false,
                    "isValidating": false,
                    "submitCount": 0,
                    "touchedFields": Object {},
                  },
                  "_formValues": Object {},
                  "_getDirty": [Function],
                  "_getFieldArray": [Function],
                  "_getWatch": [Function],
                  "_names": Object {
                    "array": Set {},
                    "mount": Set {},
                    "unMount": Set {},
                    "watch": Set {},
                  },
                  "_options": Object {
                    "mode": "onSubmit",
                    "reValidateMode": "onChange",
                    "shouldFocusError": true,
                  },
                  "_proxyFormState": Object {
                    "dirtyFields": false,
                    "errors": "all",
                    "isDirty": false,
                    "isValid": false,
                    "isValidating": false,
                    "touchedFields": false,
                  },
                  "_removeUnmounted": [Function],
                  "_stateFlags": Object {
                    "action": false,
                    "mount": false,
                    "watch": false,
                  },
                  "_subjects": Object {
                    "array": Object {
                      "next": [Function],
                      "observers": Array [],
                      "subscribe": [Function],
                      "unsubscribe": [Function],
                    },
                    "control": Object {
                      "next": [Function],
                      "observers": Array [],
                      "subscribe": [Function],
                      "unsubscribe": [Function],
                    },
                    "state": Object {
                      "next": [Function],
                      "observers": Array [
                        Object {
                          "next": [Function],
                        },
                      ],
                      "subscribe": [Function],
                      "unsubscribe": [Function],
                    },
                    "watch": Object {
                      "next": [Function],
                      "observers": Array [],
                      "subscribe": [Function],
                      "unsubscribe": [Function],
                    },
                  },
                  "_updateFieldArray": [Function],
                  "_updateValid": [Function],
                  "register": [Function],
                  "unregister": [Function],
                }
              }
              defaultValue=""
              name="line2"
              render={[Function]}
            />
          }
          id="line2"
          label="Line2"
        />
        <Row
          noGutters={false}
        >
          <Col
            md={4}
          >
            <FormGroup
              colors={
                Object {
                  "altBackground": "#eff3fe",
                  "background": "#ffffff",
                  "foreground": "#000000",
                  "link": "#3b6cf426",
                }
              }
              control={
                <Unknown
                  control={
                    Object {
                      "_defaultValues": Object {},
                      "_executeSchema": [Function],
                      "_fields": Object {},
                      "_formState": Object {
                        "dirtyFields": Object {},
                        "errors": Object {},
                        "isDirty": false,
                        "isSubmitSuccessful": false,
                        "isSubmitted": false,
                        "isSubmitting": false,
                        "isValid": false,
                        "isValidating": false,
                        "submitCount": 0,
                        "touchedFields": Object {},
                      },
                      "_formValues": Object {},
                      "_getDirty": [Function],
                      "_getFieldArray": [Function],
                      "_getWatch": [Function],
                      "_names": Object {
                        "array": Set {},
                        "mount": Set {},
                        "unMount": Set {},
                        "watch": Set {},
                      },
                      "_options": Object {
                        "mode": "onSubmit",
                        "reValidateMode": "onChange",
                        "shouldFocusError": true,
                      },
                      "_proxyFormState": Object {
                        "dirtyFields": false,
                        "errors": "all",
                        "isDirty": false,
                        "isValid": false,
                        "isValidating": false,
                        "touchedFields": false,
                      },
                      "_removeUnmounted": [Function],
                      "_stateFlags": Object {
                        "action": false,
                        "mount": false,
                        "watch": false,
                      },
                      "_subjects": Object {
                        "array": Object {
                          "next": [Function],
                          "observers": Array [],
                          "subscribe": [Function],
                          "unsubscribe": [Function],
                        },
                        "control": Object {
                          "next": [Function],
                          "observers": Array [],
                          "subscribe": [Function],
                          "unsubscribe": [Function],
                        },
                        "state": Object {
                          "next": [Function],
                          "observers": Array [
                            Object {
                              "next": [Function],
                            },
                          ],
                          "subscribe": [Function],
                          "unsubscribe": [Function],
                        },
                        "watch": Object {
                          "next": [Function],
                          "observers": Array [],
                          "subscribe": [Function],
                          "unsubscribe": [Function],
                        },
                      },
                      "_updateFieldArray": [Function],
                      "_updateValid": [Function],
                      "register": [Function],
                      "unregister": [Function],
                    }
                  }
                  defaultValue=""
                  name="postalCode"
                  render={[Function]}
                  rules={
                    Object {
                      "required": "The postal code is required",
                    }
                  }
                />
              }
              id="postalCode"
              label="Postal Code"
            />
          </Col>
          <Col
            md={8}
          >
            <FormGroup
              colors={
                Object {
                  "altBackground": "#eff3fe",
                  "background": "#ffffff",
                  "foreground": "#000000",
                  "link": "#3b6cf426",
                }
              }
              control={
                <Unknown
                  control={
                    Object {
                      "_defaultValues": Object {},
                      "_executeSchema": [Function],
                      "_fields": Object {},
                      "_formState": Object {
                        "dirtyFields": Object {},
                        "errors": Object {},
                        "isDirty": false,
                        "isSubmitSuccessful": false,
                        "isSubmitted": false,
                        "isSubmitting": false,
                        "isValid": false,
                        "isValidating": false,
                        "submitCount": 0,
                        "touchedFields": Object {},
                      },
                      "_formValues": Object {},
                      "_getDirty": [Function],
                      "_getFieldArray": [Function],
                      "_getWatch": [Function],
                      "_names": Object {
                        "array": Set {},
                        "mount": Set {},
                        "unMount": Set {},
                        "watch": Set {},
                      },
                      "_options": Object {
                        "mode": "onSubmit",
                        "reValidateMode": "onChange",
                        "shouldFocusError": true,
                      },
                      "_proxyFormState": Object {
                        "dirtyFields": false,
                        "errors": "all",
                        "isDirty": false,
                        "isValid": false,
                        "isValidating": false,
                        "touchedFields": false,
                      },
                      "_removeUnmounted": [Function],
                      "_stateFlags": Object {
                        "action": false,
                        "mount": false,
                        "watch": false,
                      },
                      "_subjects": Object {
                        "array": Object {
                          "next": [Function],
                          "observers": Array [],
                          "subscribe": [Function],
                          "unsubscribe": [Function],
                        },
                        "control": Object {
                          "next": [Function],
                          "observers": Array [],
                          "subscribe": [Function],
                          "unsubscribe": [Function],
                        },
                        "state": Object {
                          "next": [Function],
                          "observers": Array [
                            Object {
                              "next": [Function],
                            },
                          ],
                          "subscribe": [Function],
                          "unsubscribe": [Function],
                        },
                        "watch": Object {
                          "next": [Function],
                          "observers": Array [],
                          "subscribe": [Function],
                          "unsubscribe": [Function],
                        },
                      },
                      "_updateFieldArray": [Function],
                      "_updateValid": [Function],
                      "register": [Function],
                      "unregister": [Function],
                    }
                  }
                  defaultValue=""
                  name="city"
                  render={[Function]}
                  rules={
                    Object {
                      "required": "The city is required",
                    }
                  }
                />
              }
              id="city"
              label="City"
            />
          </Col>
        </Row>
        <FormGroup
          colors={
            Object {
              "altBackground": "#eff3fe",
              "background": "#ffffff",
              "foreground": "#000000",
              "link": "#3b6cf426",
            }
          }
          control={
            <Unknown
              control={
                Object {
                  "_defaultValues": Object {},
                  "_executeSchema": [Function],
                  "_fields": Object {},
                  "_formState": Object {
                    "dirtyFields": Object {},
                    "errors": Object {},
                    "isDirty": false,
                    "isSubmitSuccessful": false,
                    "isSubmitted": false,
                    "isSubmitting": false,
                    "isValid": false,
                    "isValidating": false,
                    "submitCount": 0,
                    "touchedFields": Object {},
                  },
                  "_formValues": Object {},
                  "_getDirty": [Function],
                  "_getFieldArray": [Function],
                  "_getWatch": [Function],
                  "_names": Object {
                    "array": Set {},
                    "mount": Set {},
                    "unMount": Set {},
                    "watch": Set {},
                  },
                  "_options": Object {
                    "mode": "onSubmit",
                    "reValidateMode": "onChange",
                    "shouldFocusError": true,
                  },
                  "_proxyFormState": Object {
                    "dirtyFields": false,
                    "errors": "all",
                    "isDirty": false,
                    "isValid": false,
                    "isValidating": false,
                    "touchedFields": false,
                  },
                  "_removeUnmounted": [Function],
                  "_stateFlags": Object {
                    "action": false,
                    "mount": false,
                    "watch": false,
                  },
                  "_subjects": Object {
                    "array": Object {
                      "next": [Function],
                      "observers": Array [],
                      "subscribe": [Function],
                      "unsubscribe": [Function],
                    },
                    "control": Object {
                      "next": [Function],
                      "observers": Array [],
                      "subscribe": [Function],
                      "unsubscribe": [Function],
                    },
                    "state": Object {
                      "next": [Function],
                      "observers": Array [
                        Object {
                          "next": [Function],
                        },
                      ],
                      "subscribe": [Function],
                      "unsubscribe": [Function],
                    },
                    "watch": Object {
                      "next": [Function],
                      "observers": Array [],
                      "subscribe": [Function],
                      "unsubscribe": [Function],
                    },
                  },
                  "_updateFieldArray": [Function],
                  "_updateValid": [Function],
                  "register": [Function],
                  "unregister": [Function],
                }
              }
              defaultValue=""
              name="country"
              render={[Function]}
              rules={
                Object {
                  "required": "The country is required",
                }
              }
            />
          }
          id="country"
          label="Country"
        />
        <div
          className="agree-submit"
        >
          <FormGroup
            colors={
              Object {
                "altBackground": "#eff3fe",
                "background": "#ffffff",
                "foreground": "#000000",
                "link": "#3b6cf426",
              }
            }
            control={
              <Unknown
                control={
                  Object {
                    "_defaultValues": Object {},
                    "_executeSchema": [Function],
                    "_fields": Object {},
                    "_formState": Object {
                      "dirtyFields": Object {},
                      "errors": Object {},
                      "isDirty": false,
                      "isSubmitSuccessful": false,
                      "isSubmitted": false,
                      "isSubmitting": false,
                      "isValid": false,
                      "isValidating": false,
                      "submitCount": 0,
                      "touchedFields": Object {},
                    },
                    "_formValues": Object {},
                    "_getDirty": [Function],
                    "_getFieldArray": [Function],
                    "_getWatch": [Function],
                    "_names": Object {
                      "array": Set {},
                      "mount": Set {},
                      "unMount": Set {},
                      "watch": Set {},
                    },
                    "_options": Object {
                      "mode": "onSubmit",
                      "reValidateMode": "onChange",
                      "shouldFocusError": true,
                    },
                    "_proxyFormState": Object {
                      "dirtyFields": false,
                      "errors": "all",
                      "isDirty": false,
                      "isValid": false,
                      "isValidating": false,
                      "touchedFields": false,
                    },
                    "_removeUnmounted": [Function],
                    "_stateFlags": Object {
                      "action": false,
                      "mount": false,
                      "watch": false,
                    },
                    "_subjects": Object {
                      "array": Object {
                        "next": [Function],
                        "observers": Array [],
                        "subscribe": [Function],
                        "unsubscribe": [Function],
                      },
                      "control": Object {
                        "next": [Function],
                        "observers": Array [],
                        "subscribe": [Function],
                        "unsubscribe": [Function],
                      },
                      "state": Object {
                        "next": [Function],
                        "observers": Array [
                          Object {
                            "next": [Function],
                          },
                        ],
                        "subscribe": [Function],
                        "unsubscribe": [Function],
                      },
                      "watch": Object {
                        "next": [Function],
                        "observers": Array [],
                        "subscribe": [Function],
                        "unsubscribe": [Function],
                      },
                    },
                    "_updateFieldArray": [Function],
                    "_updateValid": [Function],
                    "register": [Function],
                    "unregister": [Function],
                  }
                }
                defaultValue=""
                name="agree"
                render={[Function]}
                rules={
                  Object {
                    "required": "You must agree in order to proceed",
                  }
                }
              />
            }
            id="agree"
            noFeedback={true}
          />
          <Button
            action={
              Object {
                "buttonTestId": "btnSubmit",
                "buttonText": "Next",
                "buttonVariant": "primary",
                "id": "submit",
                "type": "submit",
              }
            }
          />
        </div>
      </Form>
      <Dialog
        actions={
          Array [
            Object {
              "buttonText": "OK",
              "buttonVariant": "primary",
              "callback": [Function],
              "id": "discard",
            },
          ]
        }
        show={false}
        size="lg"
      >
        <React.Fragment>
          The legal officers have been informed of your request.
        </React.Fragment>
      </Dialog>
    </Frame>
  }
  subTitle="Activate my Logion Protection"
  titleIcon={
    Object {
      "background": undefined,
      "icon": Object {
        "hasVariants": true,
        "id": "shield",
      },
    }
  }
/>
`;
