// Jest Snapshot v1, https://goo.gl/fbAQLP

exports[`renders 1`] = `
Array [
  <div
    className="form-group"
  >
    <label
      className="form-label"
    >
      First name
    </label>
    <input
      className="form-control"
      readOnly={true}
      type="text"
      value="John"
    />
  </div>,
  <div
    className="form-group"
  >
    <label
      className="form-label"
    >
      Last name
    </label>
    <input
      className="form-control"
      readOnly={true}
      type="text"
      value="Doe"
    />
  </div>,
  <div
    className="form-group"
  >
    <label
      className="form-label"
    >
      E-mail
    </label>
    <input
      className="form-control"
      readOnly={true}
      type="text"
      value="john.doe@logion.network"
    />
  </div>,
  <div
    className="form-group"
  >
    <label
      className="form-label"
    >
      Phone number
    </label>
    <input
      className="form-control"
      readOnly={true}
      type="text"
      value="+1234"
    />
  </div>,
]
`;
