// Jest Snapshot v1, https://goo.gl/fbAQLP

exports[`renders 1`] = `
<div
  className="Table"
>
  <style>
    
            .Table .body .row [class*="col-"].split-after::before {
                background-color: #152665;
            }
            
  </style>
  <div
    className="header"
    style={
      Object {
        "backgroundColor": "#0c163d",
        "color": "#ffffff",
      }
    }
  >
    <Row
      noGutters={true}
    >
      <Col
        md={6}
      >
        Column 1
      </Col>
      <Col
        md={6}
      >
        Column 2
      </Col>
    </Row>
  </div>
  <div
    className="body"
  >
    <React.Fragment>
      <Row
        className=""
        noGutters={true}
        style={
          Object {
            "color": "#ffffff",
          }
        }
      >
        <Col
          md={6}
          style={
            Object {
              "backgroundColor": "#152665",
              "fontSize": undefined,
            }
          }
        >
          <Cell
            content="id1"
          />
        </Col>
        <Col
          md={6}
          style={
            Object {
              "backgroundColor": "#152665",
              "fontSize": undefined,
            }
          }
        >
          <Cell
            content="id1"
            smallText={true}
          />
        </Col>
      </Row>
    </React.Fragment>
    <React.Fragment>
      <Row
        className=""
        noGutters={true}
        style={
          Object {
            "color": "#ffffff",
          }
        }
      >
        <Col
          md={6}
          style={
            Object {
              "backgroundColor": "#152665",
              "fontSize": undefined,
            }
          }
        >
          <Cell
            content="id2"
          />
        </Col>
        <Col
          md={6}
          style={
            Object {
              "backgroundColor": "#152665",
              "fontSize": undefined,
            }
          }
        >
          <Cell
            content="id2"
            smallText={true}
          />
        </Col>
      </Row>
    </React.Fragment>
  </div>
</div>
`;
