// Jest Snapshot v1, https://goo.gl/fbAQLP

exports[`SecretDownloadForm renders 1`] = `
<div
  className="SecretDownloadForm"
>
  <FormGroup
    colors={
      Object {
        "altBackground": "#eff3fe",
        "background": "#ffffff",
        "foreground": "#000000",
        "link": "#3b6cf426",
      }
    }
    control={
      <FormControl
        disabled={true}
        type="text"
        value="e32e6e8c-e632-4afd-afcf-ea67fc99153b"
      />
    }
    id="locId"
    label="Identity LOC ID"
  />
  <FormGroup
    colors={
      Object {
        "altBackground": "#eff3fe",
        "background": "#ffffff",
        "foreground": "#000000",
        "link": "#3b6cf426",
      }
    }
    control={
      <FormControl
        disabled={true}
        type="text"
        value="Challenge"
      />
    }
    id="challenge"
    label="Challenge"
  />
  <FormGroup
    colors={
      Object {
        "altBackground": "#eff3fe",
        "background": "#ffffff",
        "foreground": "#000000",
        "link": "#3b6cf426",
      }
    }
    control={
      <FormControl
        disabled={true}
        type="text"
        value="e5b0f5bb-ae97-41b0-8452-542dd80ca0bb"
      />
    }
    id="requestId"
    label="Request ID"
  />
</div>
`;
